Debate Land 1 CJ,2,4,0,150
Debate Land 1 RH,4,2,0,148.2
Debate Land 1 YW,2,4,0,150
Debate Land 2 AT,4,2,1,150
Debate Land 2 JW,4,2,0,145
Debate Land 2 WH,3,3,1,142.5
Debate Land 3 AA,4,2,3,140
Debate Land 3 BF,4,2,1,142.5
Debate Land 3 BH,3,3,2,149.5
Debate Land 3 CA,2,4,0,158.4
Debate Land 3 WR,4,2,1,148.8